keep__151: 
xpm_cdc_sync_rst: 
datapath: 
case__25: 
case__40: 
xpm_fifo_rst: 
case__70: 
keep__166: 
reg__80: 
xpm_fifo_reg_vec: 
logic__2: 
logic__187: 
reg__15: 
logic: 
case__27: 
reg__72: 
keep__100: 
case__86: 
logic__3: 
xpm_cdc_gray: 
logic__235: 
datapath__6: 
reg__25: 
logic__162: 
reg__67: 
case__79: 
logic__239: 
keep__152: 
reg__35: 
case__22: 
keep__127: 
keep__141: 
logic__23: 
keep__178: 
signinv__14: 
keep__175: 
signinv__4: 
reg__3: 
logic__63: 
reg__90: 
aurora_64b66b_0_gt_common_wrapper: 
reg__69: 
keep__109: 
keep__137: 
logic__161: 
extram: 
m08_couplers_imp_K8X5UY: 
logic__267: 
case__23: 
keep__115: 
xpm_counter_updn: 
keep__106: 
logic__181: 
reg__33: 
reg__44: 
logic__72: 
case__83: 
keep__140: 
keep__117: 
keep__105: 
keep__119: 
logic__174: 
case__14: 
keep__132: 
logic__88: 
keep__92: 
reg__16: 
aurora_64b66b_0_SUPPORT_RESET_LOGIC: 
reg__71: 
case__44: 
signinv__5: 
reg__61: 
reg__2: 
case__39: 
keep__120: 
keep__157: 
logic__175: 
datapath__9: 
reg__27: 
xpm_cdc_gray__parameterized0: 
keep__116: 
logic__246: 
reg__49: 
logic__220: 
keep__135: 
reg__86: 
case__90: 
reg__58: 
m04_couplers_imp_NB1YAO: 
case__45: 
logic__199: 
case__37: 
reg__26: 
logic__200: 
reg__14: 
case__69: 
logic__165: 
reg__31: 
reg__8: 
keep__136: 
keep__102: 
reg__84: 
keep__97: 
signinv: 
logic__223: 
case__73: 
signinv__3: 
reg__39: 
signinv__11: 
logic__259: 
logic__201: 
reg__62: 
case__15: 
datapath__8: 
keep__104: 
keep__171: 
keep__101: 
keep__123: 
reg__65: 
datapath__4: 
keep__153: 
logic__244: 
keep__124: 
logic__203: 
case__47: 
keep__131: 
case__77: 
reg__42: 
signinv__2: 
keep__103: 
m05_couplers_imp_1FZ4A9T: 
logic__245: 
reg__68: 
reg__55: 
xpm_fifo_base: 
keep__146: 
reg__34: 
logic__156: 
xpm_counter_updn__parameterized2: 
s00_couplers_imp_1A7ZMW4: 
signinv__10: 
reg__17: 
reg__11: 
keep__168: 
m02_couplers_imp_P3UMW5: 
case__38: 
counter: 
logic__74: 
datapath__10: 
m01_couplers_imp_1D3SAH3: 
case__24: 
keep__108: 
case__29: 
aurora_64b66b_0_exdes: 
case__48: 
datapath__13: 
reg__52: 
reg__76: 
logic__96: 
reg__56: 
reg: 
xpm_counter_updn__parameterized1: 
reg__32: 
xpm_fifo_reg_vec__parameterized0: 
logic__207: 
logic__160: 
datapath__5: 
logic__180: 
reg__77: 
keep__129: 
keep__126: 
reg__89: 
reg__66: 
logic__84: 
keep__163: 
keep__114: 
ps_to_aurora_bridge: 
logic__234: 
reg__1: 
keep__122: 
keep__161: 
keep__133: 
keep__96: 
reg__87: 
keep__167: 
keep__98: 
logic__102: 
logic__29: 
reg__93: 
aurora_64b66b_0_support: 
keep__134: 
m07_couplers_imp_1GV49DU: 
logic__219: 
case__81: 
keep__125: 
signinv__8: 
aurora_64b66b_0_ultrascale_tx_userclk: 
case__72: 
design_1_ps8_0_axi_periph_1: 
reg__40: 
reg__22: 
logic__73: 
datapath__3: 
keep__111: 
logic__190: 
keep__174: 
keep__142: 
logic__254: 
reg__73: 
xpm_memory_base: 
keep: 
datapath__14: 
reg__92: 
keep__147: 
reg__78: 
logic__210: 
keep__128: 
logic__206: 
reg__53: 
reg__5: 
case__88: 
logic__213: 
logic__93: 
xpm_fifo_reg_bit: 
logic__253: 
logic__238: 
reg__48: 
reg__18: 
reg__59: 
case__35: 
keep__121: 
case__32: 
signinv__9: 
keep__143: 
reg__50: 
logic__75: 
m09_couplers_imp_1AITGY3: 
keep__165: 
aurora_64b66b_0_gt_gtye4_common_wrapper: 
keep__99: 
logic__250: 
reg__9: 
reg__79: 
reg__7: 
reg__46: 
case__80: 
reg__91: 
keep__110: 
case__84: 
logic__195: 
logic__188: 
case__28: 
reg__21: 
logic__262: 
datapath__17: 
keep__113: 
aurora_64b66b_0_rst_sync_exdes: 
reg__75: 
logic__1: 
case__16: 
reg__38: 
logic__212: 
reg__88: 
keep__149: 
design_1_wrapper: 
logic__14: 
counter__1: 
logic__97: 
xpm_fifo_async: 
reg__60: 
reg__30: 
case__42: 
case__13: 
datapath__16: 
keep__155: 
keep__169: 
logic__258: 
top_ps_aurora_wrapper: 
keep__148: 
logic__92: 
keep__156: 
reg__70: 
reg__57: 
signinv__7: 
logic__189: 
aurora_64b66b_0_CLOCK_MODULE: 
logic__80: 
reg__64: 
reg__81: 
reg__13: 
datapath__18: 
logic__243: 
gtwizard_ultrascale_v1_7_14_gtye4_common: 
case__85: 
keep__177: 
signinv__6: 
aurora_64b66b_0_rst_sync_shared: 
datapath__1: 
case__71: 
datapath__7: 
logic__202: 
case__74: 
datapath__2: 
keep__172: 
keep__95: 
case__12: 
aurora_64b66b_0_FRAME_CHECK: 
logic__216: 
logic__166: 
logic__11: 
keep__150: 
logic__171: 
logic__247: 
design_1: 
keep__176: 
keep__144: 
case__75: 
datapath__12: 
reg__54: 
logic__163: 
keep__170: 
case__21: 
m06_couplers_imp_MPDFMR: 
reg__28: 
keep__118: 
keep__164: 
datapath__15: 
logic__30: 
xpm_counter_updn__parameterized0: 
logic__77: 
keep__107: 
case__33: 
reg__6: 
case__43: 
logic__211: 
case__30: 
case__34: 
keep__93: 
m00_couplers_imp_QJIMLI: 
signinv__1: 
logic__101: 
keep__160: 
datapath__11: 
keep__173: 
reg__43: 
reg__63: 
logic__76: 
reg__83: 
logic__224: 
reg__51: 
keep__145: 
logic__170: 
keep__112: 
case__82: 
signinv__13: 
keep__158: 
reg__47: 
reg__85: 
case__87: 
keep__162: 
logic__225: 
reg__10: 
signinv__12: 
keep__139: 
reg__45: 
xpm_cdc_gray__parameterized1: 
logic__164: 
logic__20: 
logic__105: 
m03_couplers_imp_1E9R4HW: 
logic__83: 
reg__4: 
logic__6: 
logic__228: 
reg__41: 
keep__130: 
reg__12: 
logic__31: 
case__76: 
keep__159: 
reg__74: 
keep__138: 
keep__94: 
case__78: 
logic__167: 
reg__82: 
logic__98: 
case: 
keep__154: 
reg__29: 
